[
  "time=0001-01-01T00:00:00.000Z level=DEBUG msg=\"command successful\" name=tmux args=[] dur=0s dry_run=true",
  ""
]
