[
  "time=0001-01-01T00:00:00.000Z level=DEBUG msg=\"command successful\" name=tmux args=\"[--extra options test]\" output=\"\" dur=0s",
  ""
]
