[
  "00:00:00 ERR configuration file cannot be decoded path=/stabilized/path/tmpl-broken.yaml",
  "00:00:00 WRN yaml: line 4: did not find expected key",
  ""
]
