[
  "00:00:00 INF configuration file loaded path=/stabilized/path/tmpl.yaml",
  "00:00:00 INF session created session=my_project mock=true",
  "00:00:00 INF window created session=my_project window=my_project:code mock=true",
  "00:00:00 INF window send-keys cmd=~/project/scripts/bootstrap.sh\u003ccr\u003e session=my_project window=my_project:code mock=true",
  "00:00:00 INF window send-keys cmd=\"echo 'on_window'\u003ccr\u003e\" session=my_project window=my_project:code mock=true",
  "00:00:00 INF window send-keys cmd=\"nvim .\u003ccr\u003e\" session=my_project window=my_project:code mock=true",
  "00:00:00 INF pane created session=my_project window=my_project:code pane=my_project:code.1 pane_width=80 pane_height=5 mock=true",
  "00:00:00 INF pane send-keys cmd=~/project/scripts/bootstrap.sh\u003ccr\u003e session=my_project window=my_project:code pane=my_project:code.1 pane_width=80 pane_height=5 mock=true",
  "00:00:00 INF pane send-keys cmd=\"echo 'on_pane'\u003ccr\u003e\" session=my_project window=my_project:code pane=my_project:code.1 pane_width=80 pane_height=5 mock=true",
  "00:00:00 INF pane send-keys cmd=./autorun-tests.sh\u003ccr\u003e session=my_project window=my_project:code pane=my_project:code.1 pane_width=80 pane_height=5 mock=true",
  "00:00:00 INF window created session=my_project window=my_project:shell mock=true",
  "00:00:00 INF window send-keys cmd=~/project/scripts/bootstrap.sh\u003ccr\u003e session=my_project window=my_project:shell mock=true",
  "00:00:00 INF window send-keys cmd=\"echo 'on_window'\u003ccr\u003e\" session=my_project window=my_project:shell mock=true",
  "00:00:00 INF window send-keys cmd=\"git status\u003ccr\u003e\" session=my_project window=my_project:shell mock=true",
  "00:00:00 INF window created session=my_project window=my_project:server mock=true",
  "00:00:00 INF window send-keys cmd=~/project/scripts/bootstrap.sh\u003ccr\u003e session=my_project window=my_project:server mock=true",
  "00:00:00 INF window send-keys cmd=\"echo 'on_window'\u003ccr\u003e\" session=my_project window=my_project:server mock=true",
  "00:00:00 INF window send-keys cmd=./run-dev-server.sh\u003ccr\u003e session=my_project window=my_project:server mock=true",
  "00:00:00 INF window created session=my_project window=my_project:prod_logs mock=true",
  "00:00:00 INF window send-keys cmd=~/project/scripts/bootstrap.sh\u003ccr\u003e session=my_project window=my_project:prod_logs mock=true",
  "00:00:00 INF window send-keys cmd=\"echo 'on_window'\u003ccr\u003e\" session=my_project window=my_project:prod_logs mock=true",
  "00:00:00 INF window send-keys cmd=\"ssh user@host\u003ccr\u003e\" session=my_project window=my_project:prod_logs mock=true",
  "00:00:00 INF window send-keys cmd=\"cd /var/logs\u003ccr\u003e\" session=my_project window=my_project:prod_logs mock=true",
  "00:00:00 INF window send-keys cmd=\"tail -f app.log\u003ccr\u003e\" session=my_project window=my_project:prod_logs mock=true",
  "00:00:00 INF window selected session=my_project window=my_project:code mock=true",
  "00:00:00 INF attaching client to session windows=4 panes=1 session=my_project mock=true",
  ""
]
