[
  "00:00:00 INF configuration file loaded path=/stabilized/path/tmpl.yaml",
  "00:00:00 INF attaching client to session session=my_project mock=true",
  ""
]
