[
  "tmpl:",
  "  Version:    0.0.0-dev",
  "  Go version: go0.0.0",
  "  Git commit: HEAD",
  "  Released:   0001-01-01T00:00:00Z",
  ""
]
