[
  "00:00:00 INF configuration file created path=/stabilized/path/.tmpl_config.yml",
  ""
]
