[
  "00:00:00 INF configuration file loaded path=/stabilized/path/.tmpl.yaml",
  "00:00:00 INF configuration file is valid",
  ""
]
